игп дшые